hong add test file!
